/usr/local/lib/python3.5/dist-packages/pip/_vendor/distlib/w64.exe
/usr/local/lib/python3.5/dist-packages/pip/_vendor/distlib/t64.exe
/usr/local/lib/python3.5/dist-packages/pip/_vendor/distlib/w32.exe
/usr/local/lib/python3.5/dist-packages/pip/_vendor/distlib/t32.exe
/usr/local/lib/python2.7/dist-packages/drozer/lib/find_java.exe
/usr/local/lib/python2.7/dist-packages/drozer/lib/aapt.exe
/usr/local/lib/python2.7/dist-packages/pip/_vendor/distlib/w64.exe
/usr/local/lib/python2.7/dist-packages/pip/_vendor/distlib/t64.exe
/usr/local/lib/python2.7/dist-packages/pip/_vendor/distlib/w32.exe
/usr/local/lib/python2.7/dist-packages/pip/_vendor/distlib/t32.exe
/usr/share/code/resources/app/out/vs/workbench/services/files/node/watcher/win32/CodeHelper.exe
/usr/lib/vmware/resources/storePwd.exe
/usr/lib/vmware/tools-upgraders/VMwareToolsUpgraderNT.exe
/usr/lib/vmware/tools-upgraders/VMwareToolsUpgrader.exe
/usr/lib/vmware/tools-upgraders/VMwareToolsUpgrader9x.exe
/home/kh3m/VMSharedFolder/iverilog-10.0-x86_setup.exe
/home/kh3m/VMSharedFolder/ReachSetup-eoe-2.0.21060.700.exe
/home/kh3m/VMSharedFolder/wmplayer.exe
/home/kh3m/VMSharedFolder/iverilog-10.1.1-x64_setup.exe
/home/kh3m/VMSharedFolder/windows_binaries/wmplayer.exe
/home/kh3m/Clients/Coolpad/firmware/COOLPAD-SETUP.exe
/home/kh3m/Research/WindowsDrivers/Samsung/Setup.exe
/home/kh3m/Research/WindowsDrivers/Samsung/Printer/i386/itdrva.exe
/home/kh3m/Research/WindowsDrivers/Samsung/Printer/i386/itdrvpi.exe
/home/kh3m/Research/WindowsDrivers/Samsung/Printer/i386/itdrvex.exe
/home/kh3m/Research/WindowsDrivers/Samsung/Printer/i386/itdrvDR.exe
/home/kh3m/Research/WindowsDrivers/Samsung/Printer/Common/itdrvSM.exe
/home/kh3m/Research/WindowsDrivers/Samsung/Printer/Common/itdrvlpc.exe
/home/kh3m/Research/WindowsDrivers/Samsung/Printer/Common/itdrvAM.exe
/home/kh3m/Research/WindowsDrivers/Samsung/Printer/Common/coinst.exe
/home/kh3m/Research/WindowsDrivers/Samsung/Printer/amd64/itdrva.exe
/home/kh3m/Research/WindowsDrivers/Samsung/Printer/amd64/itdrvpi.exe
/home/kh3m/Research/WindowsDrivers/Samsung/Printer/amd64/itdrvex.exe
/home/kh3m/Research/WindowsDrivers/Samsung/Printer/amd64/itdrvDR.exe
/home/kh3m/Research/WindowsDrivers/Samsung/Data/DrvConfig.exe
/home/kh3m/Research/WindowsDrivers/Samsung/Data/DrvConfig64.exe
/home/kh3m/Research/WindowsDrivers/Samsung/Data/totalUninstaller.exe
/home/kh3m/Research/WindowsDrivers/Samsung/PrinterSelector/SUPDApp.exe
/home/kh3m/Research/WindowsDrivers/Samsung/PrinterSelector/SecUPDUtilSvc.exe
/home/kh3m/Research/WindowsDrivers/Bluetooth/Setup.exe
/home/kh3m/Research/WindowsDrivers/Bluetooth/Win64/instmsiw.exe
/home/kh3m/Research/WindowsDrivers/Bluetooth/Win64/Setup.exe
/home/kh3m/Research/WindowsDrivers/Bluetooth/Win64/instmsia.exe
/home/kh3m/Research/WindowsDrivers/Bluetooth/Win64/BtserverSpylite.exe
/home/kh3m/Research/WindowsDrivers/Bluetooth/Win64/Inst.exe
/home/kh3m/Research/WindowsDrivers/Bluetooth/Win32/instmsiw.exe
/home/kh3m/Research/WindowsDrivers/Bluetooth/Win32/Setup.exe
/home/kh3m/Research/WindowsDrivers/Bluetooth/Win32/instmsia.exe
/home/kh3m/Research/WindowsDrivers/Bluetooth/Win32/BtserverSpylite.exe
/home/kh3m/Research/WindowsDrivers/Bluetooth/Win32/Inst.exe
/home/kh3m/Research/WindowsDrivers/80211n/setup.exe
/home/kh3m/Research/WindowsDrivers/vulnerable_drivers/diskpart.exe
/home/kh3m/Research/WindowsDrivers/vulnerable_drivers/diskperf.exe
/home/kh3m/Research/WindowsDrivers/vulnerable_drivers/DmOmaCpMo.exe
/home/kh3m/Research/WindowsDrivers/vulnerable_drivers/DeviceEject.exe
/home/kh3m/Research/WindowsDrivers/vulnerable_drivers/appverif.exe
/home/kh3m/Research/WindowsDrivers/vulnerable_drivers/aitstatic.exe
/home/kh3m/Research/WindowsDrivers/vulnerable_drivers/cmmon32.exe
/home/kh3m/Research/WindowsDrivers/vulnerable_drivers/backgroundTaskHost.exe
/home/kh3m/Research/WindowsDrivers/vulnerable_drivers/changepk.exe
/home/kh3m/Research/WindowsDrivers/vulnerable_drivers/bdeunlock.exe
/home/kh3m/Research/WindowsDrivers/vulnerable_drivers/eudcedit.exe
/home/kh3m/Research/WindowsDrivers/vulnerable_drivers/chgport.exe
/home/kh3m/Research/WindowsDrivers/vulnerable_drivers/CIDiag.exe
/home/kh3m/Research/WindowsDrivers/vulnerable_drivers/chkntfs.exe
/home/kh3m/Research/WindowsDrivers/vulnerable_drivers/bitsadmin.exe
/home/kh3m/Research/WindowsDrivers/vulnerable_drivers/DisplaySwitch.exe
/home/kh3m/Research/WindowsDrivers/vulnerable_drivers/DeviceCredentialDeployment.exe
/home/kh3m/Research/WindowsDrivers/vulnerable_drivers/hvsievaluator.exe
/home/kh3m/Research/WindowsDrivers/vulnerable_drivers/Eap3Host.exe
/home/kh3m/Research/WindowsDrivers/vulnerable_drivers/HOSTNAME.EXE
/home/kh3m/Research/WindowsDrivers/vulnerable_drivers/DFDWiz.exe
/home/kh3m/Research/WindowsDrivers/vulnerable_drivers/GenValObj.exe
/home/kh3m/Research/WindowsDrivers/vulnerable_drivers/dllhst3g.exe
/home/kh3m/Research/WindowsDrivers/vulnerable_drivers/dasHost.exe
/home/kh3m/Research/WindowsDrivers/vulnerable_drivers/edpnotify.exe
/home/kh3m/Research/WindowsDrivers/vulnerable_drivers/dwm.exe
/home/kh3m/Research/WindowsDrivers/vulnerable_drivers/BioIso.exe
/home/kh3m/Research/WindowsDrivers/vulnerable_drivers/DataUsageLiveTileTask.exe
/home/kh3m/Research/WindowsDrivers/vulnerable_drivers/DsmUserTask.exe
/home/kh3m/Research/WindowsDrivers/vulnerable_drivers/gpscript.exe
/home/kh3m/Research/WindowsDrivers/vulnerable_drivers/appidcertstorecheck.exe
/home/kh3m/Research/WindowsDrivers/vulnerable_drivers/ARP.EXE
/home/kh3m/Research/WindowsDrivers/vulnerable_drivers/CloudExperienceHostBroker.exe
/home/kh3m/Research/WindowsDrivers/vulnerable_drivers/csrss.exe
/home/kh3m/Research/WindowsDrivers/vulnerable_drivers/Win10Pcap-88cbd8b544806011aeef502a66c7b0ec33692b93/BuildFiles/WiX/SDK/XsdStitch.exe
/home/kh3m/Research/WindowsDrivers/vulnerable_drivers/Win10Pcap-88cbd8b544806011aeef502a66c7b0ec33692b93/BuildFiles/WiX/SDK/MakeSfxCA.exe
/home/kh3m/Research/WindowsDrivers/vulnerable_drivers/Win10Pcap-88cbd8b544806011aeef502a66c7b0ec33692b93/BuildFiles/WiX/SDK/DocCompiler.exe
/home/kh3m/Research/WindowsDrivers/vulnerable_drivers/Win10Pcap-88cbd8b544806011aeef502a66c7b0ec33692b93/BuildFiles/WiX/SDK/MsgGen.exe
/home/kh3m/Research/WindowsDrivers/vulnerable_drivers/Win10Pcap-88cbd8b544806011aeef502a66c7b0ec33692b93/BuildFiles/WiX/bin/smoke.exe
/home/kh3m/Research/WindowsDrivers/vulnerable_drivers/Win10Pcap-88cbd8b544806011aeef502a66c7b0ec33692b93/BuildFiles/WiX/bin/melt.exe
/home/kh3m/Research/WindowsDrivers/vulnerable_drivers/Win10Pcap-88cbd8b544806011aeef502a66c7b0ec33692b93/BuildFiles/WiX/bin/torch.exe
/home/kh3m/Research/WindowsDrivers/vulnerable_drivers/Win10Pcap-88cbd8b544806011aeef502a66c7b0ec33692b93/BuildFiles/WiX/bin/heat.exe
/home/kh3m/Research/WindowsDrivers/vulnerable_drivers/Win10Pcap-88cbd8b544806011aeef502a66c7b0ec33692b93/BuildFiles/WiX/bin/candle.exe
/home/kh3m/Research/WindowsDrivers/vulnerable_drivers/Win10Pcap-88cbd8b544806011aeef502a66c7b0ec33692b93/BuildFiles/WiX/bin/setup.exe
/home/kh3m/Research/WindowsDrivers/vulnerable_drivers/Win10Pcap-88cbd8b544806011aeef502a66c7b0ec33692b93/BuildFiles/WiX/bin/ctui.exe
/home/kh3m/Research/WindowsDrivers/vulnerable_drivers/Win10Pcap-88cbd8b544806011aeef502a66c7b0ec33692b93/BuildFiles/WiX/bin/pyro.exe
/home/kh3m/Research/WindowsDrivers/vulnerable_drivers/Win10Pcap-88cbd8b544806011aeef502a66c7b0ec33692b93/BuildFiles/WiX/bin/ct.exe
/home/kh3m/Research/WindowsDrivers/vulnerable_drivers/Win10Pcap-88cbd8b544806011aeef502a66c7b0ec33692b93/BuildFiles/WiX/bin/lit.exe
/home/kh3m/Research/WindowsDrivers/vulnerable_drivers/Win10Pcap-88cbd8b544806011aeef502a66c7b0ec33692b93/BuildFiles/WiX/bin/setupbld.exe
/home/kh3m/Research/WindowsDrivers/vulnerable_drivers/Win10Pcap-88cbd8b544806011aeef502a66c7b0ec33692b93/BuildFiles/WiX/bin/WixCop.exe
/home/kh3m/Research/WindowsDrivers/vulnerable_drivers/Win10Pcap-88cbd8b544806011aeef502a66c7b0ec33692b93/BuildFiles/WiX/bin/light.exe
/home/kh3m/Research/WindowsDrivers/vulnerable_drivers/Win10Pcap-88cbd8b544806011aeef502a66c7b0ec33692b93/BuildFiles/WiX/bin/dark.exe
/home/kh3m/Research/WindowsDrivers/vulnerable_drivers/Win10Pcap-88cbd8b544806011aeef502a66c7b0ec33692b93/BuildFiles/WXS/Files/Icons/NIC.exe
/home/kh3m/Research/WindowsDrivers/vulnerable_drivers/isoburn.exe
/home/kh3m/Research/WindowsDrivers/vulnerable_drivers/ipconfig.exe
/home/kh3m/Research/WindowsDrivers/vulnerable_drivers/iexpress.exe
/home/kh3m/Research/WindowsDrivers/vulnerable_drivers/AtBroker.exe
/home/kh3m/Research/WindowsDrivers/vulnerable_drivers/cttune.exe
/home/kh3m/Research/WindowsDrivers/vulnerable_drivers/gpresult.exe
/home/kh3m/Research/WindowsDrivers/vulnerable_drivers/ddodiag.exe
/home/kh3m/Research/WindowsDrivers/vulnerable_drivers/fltMC.exe
/home/kh3m/Research/WindowsDrivers/vulnerable_drivers/fontview.exe
/home/kh3m/Research/WindowsDrivers/vulnerable_drivers/DeviceCensus.exe
/home/kh3m/Research/WindowsDrivers/vulnerable_drivers/coredpussvr.exe
/home/kh3m/Research/WindowsDrivers/vulnerable_drivers/DmNotificationBroker.exe
/home/kh3m/Research/WindowsDrivers/vulnerable_drivers/bridgeunattend.exe
/home/kh3m/Research/WindowsDrivers/vulnerable_drivers/control.exe
/home/kh3m/Research/WindowsDrivers/vulnerable_drivers/DTUHandler.exe
/home/kh3m/Research/WindowsDrivers/vulnerable_drivers/EaseOfAccessDialog.exe
/home/kh3m/Research/WindowsDrivers/vulnerable_drivers/Dism.exe
/home/kh3m/Research/WindowsDrivers/vulnerable_drivers/DevicePairingWizard.exe
/home/kh3m/Research/WindowsDrivers/vulnerable_drivers/at.exe
/home/kh3m/Research/WindowsDrivers/vulnerable_drivers/fc.exe
/home/kh3m/Research/WindowsDrivers/vulnerable_drivers/iscsicpl.exe
/home/kh3m/Research/WindowsDrivers/vulnerable_drivers/BackgroundTransferHost.exe
/home/kh3m/Research/WindowsDrivers/vulnerable_drivers/desktopimgdownldr.exe
/home/kh3m/Research/WindowsDrivers/vulnerable_drivers/DXCpl.exe
/home/kh3m/Research/WindowsDrivers/vulnerable_drivers/fveprompt.exe
/home/kh3m/Research/WindowsDrivers/vulnerable_drivers/CameraSettingsUIHost.exe
/home/kh3m/Research/WindowsDrivers/vulnerable_drivers/cmdl32.exe
/home/kh3m/Research/WindowsDrivers/vulnerable_drivers/fsutil.exe
/home/kh3m/Research/WindowsDrivers/vulnerable_drivers/AppHostRegistrationVerifier.exe
/home/kh3m/Research/WindowsDrivers/vulnerable_drivers/immersivetpmvscmgrsvr.exe
/home/kh3m/Research/WindowsDrivers/vulnerable_drivers/attrib.exe
/home/kh3m/Research/WindowsDrivers/vulnerable_drivers/expand.exe
/home/kh3m/Research/WindowsDrivers/vulnerable_drivers/DWWIN.EXE
/home/kh3m/Research/WindowsDrivers/vulnerable_drivers/bthudtask.exe
/home/kh3m/Research/WindowsDrivers/vulnerable_drivers/hvix64.exe
/home/kh3m/Research/WindowsDrivers/vulnerable_drivers/CompMgmtLauncher.exe
/home/kh3m/Research/WindowsDrivers/vulnerable_drivers/driverquery.exe
/home/kh3m/Research/WindowsDrivers/vulnerable_drivers/forfiles.exe
/home/kh3m/Research/WindowsDrivers/vulnerable_drivers/Defrag.exe
/home/kh3m/Research/WindowsDrivers/vulnerable_drivers/audiodg.exe
/home/kh3m/Research/WindowsDrivers/vulnerable_drivers/CastSrv.exe
/home/kh3m/Research/WindowsDrivers/vulnerable_drivers/chglogon.exe
/home/kh3m/Research/WindowsDrivers/vulnerable_drivers/iscsicli.exe
/home/kh3m/Research/WindowsDrivers/vulnerable_drivers/appidpolicyconverter.exe
/home/kh3m/Research/WindowsDrivers/vulnerable_drivers/AppVClient.exe
/home/kh3m/Research/WindowsDrivers/vulnerable_drivers/bcdedit.exe
/home/kh3m/Research/WindowsDrivers/vulnerable_drivers/certreq.exe
/home/kh3m/Research/WindowsDrivers/vulnerable_drivers/colorcpl.exe
/home/kh3m/Research/WindowsDrivers/vulnerable_drivers/cacls.exe
/home/kh3m/Research/WindowsDrivers/vulnerable_drivers/comp.exe
/home/kh3m/Research/WindowsDrivers/vulnerable_drivers/AppVDllSurrogate.exe
/home/kh3m/Research/WindowsDrivers/vulnerable_drivers/calc.exe
/home/kh3m/Research/WindowsDrivers/vulnerable_drivers/dispdiag.exe
/home/kh3m/Research/WindowsDrivers/vulnerable_drivers/compact.exe
/home/kh3m/Research/WindowsDrivers/vulnerable_drivers/fvenotify.exe
/home/kh3m/Research/WindowsDrivers/vulnerable_drivers/FXSCOVER.exe
/home/kh3m/Research/WindowsDrivers/vulnerable_drivers/dmcertinst.exe
/home/kh3m/Research/WindowsDrivers/vulnerable_drivers/cmdkey.exe
/home/kh3m/Research/WindowsDrivers/vulnerable_drivers/chgusr.exe
/home/kh3m/Research/WindowsDrivers/vulnerable_drivers/DataExchangeHost.exe
/home/kh3m/Research/WindowsDrivers/vulnerable_drivers/dpapimig.exe
/home/kh3m/Research/WindowsDrivers/vulnerable_drivers/dllhost.exe
/home/kh3m/Research/WindowsDrivers/vulnerable_drivers/certutil.exe
/home/kh3m/Research/WindowsDrivers/vulnerable_drivers/bootim.exe
/home/kh3m/Research/WindowsDrivers/vulnerable_drivers/Dxpserver.exe
/home/kh3m/Research/WindowsDrivers/vulnerable_drivers/CertEnrollCtrl.exe
/home/kh3m/Research/WindowsDrivers/vulnerable_drivers/findstr.exe
/home/kh3m/Research/WindowsDrivers/vulnerable_drivers/DataStoreCacheDumpTool.exe
/home/kh3m/Research/WindowsDrivers/vulnerable_drivers/ctfmon.exe
/home/kh3m/Research/WindowsDrivers/vulnerable_drivers/fsquirt.exe
/home/kh3m/Research/WindowsDrivers/vulnerable_drivers/ByteCodeGenerator.exe
/home/kh3m/Research/WindowsDrivers/vulnerable_drivers/charmap.exe
/home/kh3m/Research/WindowsDrivers/vulnerable_drivers/convert.exe
/home/kh3m/Research/WindowsDrivers/vulnerable_drivers/gpupdate.exe
/home/kh3m/Research/WindowsDrivers/vulnerable_drivers/DXCap.exe
/home/kh3m/Research/WindowsDrivers/vulnerable_drivers/clip.exe
/home/kh3m/Research/WindowsDrivers/vulnerable_drivers/curl.exe
/home/kh3m/Research/WindowsDrivers/vulnerable_drivers/EhStorAuthn.exe
/home/kh3m/Research/WindowsDrivers/vulnerable_drivers/DeviceEnroller.exe
/home/kh3m/Research/WindowsDrivers/vulnerable_drivers/find.exe
/home/kh3m/Research/WindowsDrivers/vulnerable_drivers/cscript.exe
/home/kh3m/Research/WindowsDrivers/vulnerable_drivers/CompatTelRunner.exe
/home/kh3m/Research/WindowsDrivers/vulnerable_drivers/easinvoker.exe
/home/kh3m/Research/WindowsDrivers/vulnerable_drivers/irftp.exe
/home/kh3m/Research/WindowsDrivers/vulnerable_drivers/DeviceProperties.exe
/home/kh3m/Research/WindowsDrivers/vulnerable_drivers/dialer.exe
/home/kh3m/Research/WindowsDrivers/vulnerable_drivers/djoin.exe
/home/kh3m/Research/WindowsDrivers/vulnerable_drivers/ApplicationFrameHost.exe
/home/kh3m/Research/WindowsDrivers/vulnerable_drivers/dcomcnfg.exe
/home/kh3m/Research/WindowsDrivers/vulnerable_drivers/dnscacheugc.exe
/home/kh3m/Research/WindowsDrivers/vulnerable_drivers/EASPolicyManagerBrokerHost.exe
/home/kh3m/Research/WindowsDrivers/vulnerable_drivers/cofire.exe
/home/kh3m/Research/WindowsDrivers/vulnerable_drivers/BitLockerWizardElev.exe
/home/kh3m/Research/WindowsDrivers/vulnerable_drivers/esentutl.exe
/home/kh3m/Research/WindowsDrivers/vulnerable_drivers/CloudNotifications.exe
/home/kh3m/Research/WindowsDrivers/vulnerable_drivers/fsavailux.exe
/home/kh3m/Research/WindowsDrivers/vulnerable_drivers/dsregcmd.exe
/home/kh3m/Research/WindowsDrivers/vulnerable_drivers/AgentService.exe
/home/kh3m/Research/WindowsDrivers/vulnerable_drivers/FileHistory.exe
/home/kh3m/Research/WindowsDrivers/vulnerable_drivers/FXSUNATD.exe
/home/kh3m/Research/WindowsDrivers/vulnerable_drivers/FsIso.exe
/home/kh3m/Research/WindowsDrivers/vulnerable_drivers/AppVShNotify.exe
/home/kh3m/Research/WindowsDrivers/vulnerable_drivers/ieUnatt.exe
/home/kh3m/Research/WindowsDrivers/vulnerable_drivers/cleanmgr.exe
/home/kh3m/Research/WindowsDrivers/vulnerable_drivers/AxInstUI.exe
/home/kh3m/Research/WindowsDrivers/vulnerable_drivers/fodhelper.exe
/home/kh3m/Research/WindowsDrivers/vulnerable_drivers/ApplySettingsTemplateCatalog.exe
/home/kh3m/Research/WindowsDrivers/vulnerable_drivers/chkdsk.exe
/home/kh3m/Research/WindowsDrivers/vulnerable_drivers/ie4uinit.exe
/home/kh3m/Research/WindowsDrivers/vulnerable_drivers/dpnsvr.exe
/home/kh3m/Research/WindowsDrivers/vulnerable_drivers/icsunattend.exe
/home/kh3m/Research/WindowsDrivers/vulnerable_drivers/CredentialUIBroker.exe
/home/kh3m/Research/WindowsDrivers/vulnerable_drivers/eventvwr.exe
/home/kh3m/Research/WindowsDrivers/vulnerable_drivers/cipher.exe
/home/kh3m/Research/WindowsDrivers/vulnerable_drivers/bdechangepin.exe
/home/kh3m/Research/WindowsDrivers/vulnerable_drivers/GameBarPresenceWriter.exe
/home/kh3m/Research/WindowsDrivers/vulnerable_drivers/Fondue.exe
/home/kh3m/Research/WindowsDrivers/vulnerable_drivers/hdwwiz.exe
/home/kh3m/Research/WindowsDrivers/vulnerable_drivers/icacls.exe
/home/kh3m/Research/WindowsDrivers/vulnerable_drivers/CheckNetIsolation.exe
/home/kh3m/Research/WindowsDrivers/vulnerable_drivers/autofmt.exe
/home/kh3m/Research/WindowsDrivers/vulnerable_drivers/conhost.exe
/home/kh3m/Research/WindowsDrivers/vulnerable_drivers/alg.exe
/home/kh3m/Research/WindowsDrivers/vulnerable_drivers/fixmapi.exe
/home/kh3m/Research/WindowsDrivers/vulnerable_drivers/AppVNice.exe
/home/kh3m/Research/WindowsDrivers/vulnerable_drivers/bcdboot.exe
/home/kh3m/Research/WindowsDrivers/vulnerable_drivers/autoconv.exe
/home/kh3m/Research/WindowsDrivers/vulnerable_drivers/diskraid.exe
/home/kh3m/Research/WindowsDrivers/vulnerable_drivers/dstokenclean.exe
/home/kh3m/Research/WindowsDrivers/vulnerable_drivers/AuthHost.exe
/home/kh3m/Research/WindowsDrivers/vulnerable_drivers/efsui.exe
/home/kh3m/Research/WindowsDrivers/vulnerable_drivers/dccw.exe
/home/kh3m/Research/WindowsDrivers/vulnerable_drivers/eventcreate.exe
/home/kh3m/Research/WindowsDrivers/vulnerable_drivers/BdeHdCfg.exe
/home/kh3m/Research/WindowsDrivers/vulnerable_drivers/help.exe
/home/kh3m/Research/WindowsDrivers/vulnerable_drivers/appidtel.exe
/home/kh3m/Research/WindowsDrivers/vulnerable_drivers/browser_broker.exe
/home/kh3m/Research/WindowsDrivers/vulnerable_drivers/choice.exe
/home/kh3m/Research/WindowsDrivers/vulnerable_drivers/BitLockerDeviceEncryption.exe
/home/kh3m/Research/WindowsDrivers/vulnerable_drivers/dusmtask.exe
/home/kh3m/Research/WindowsDrivers/vulnerable_drivers/BdeUISrv.exe
/home/kh3m/Research/WindowsDrivers/vulnerable_drivers/getmac.exe
/home/kh3m/Research/WindowsDrivers/vulnerable_drivers/browserexport.exe
/home/kh3m/Research/WindowsDrivers/vulnerable_drivers/fontdrvhost.exe
/home/kh3m/Research/WindowsDrivers/vulnerable_drivers/IcsEntitlementHost.exe
/home/kh3m/Research/WindowsDrivers/vulnerable_drivers/cttunesvr.exe
/home/kh3m/Research/WindowsDrivers/vulnerable_drivers/doskey.exe
/home/kh3m/Research/WindowsDrivers/vulnerable_drivers/ApplyTrustOffline.exe
/home/kh3m/Research/WindowsDrivers/vulnerable_drivers/auditpol.exe
/home/kh3m/Research/WindowsDrivers/vulnerable_drivers/dxgiadaptercache.exe
/home/kh3m/Research/WindowsDrivers/vulnerable_drivers/ApproveChildRequest.exe
/home/kh3m/Research/WindowsDrivers/vulnerable_drivers/finger.exe
/home/kh3m/Research/WindowsDrivers/vulnerable_drivers/BitLockerWizard.exe
/home/kh3m/Research/WindowsDrivers/vulnerable_drivers/GamePanel.exe
/home/kh3m/Research/WindowsDrivers/vulnerable_drivers/dmclient.exe
/home/kh3m/Research/WindowsDrivers/vulnerable_drivers/drvinst.exe
/home/kh3m/Research/WindowsDrivers/vulnerable_drivers/consent.exe
/home/kh3m/Research/WindowsDrivers/vulnerable_drivers/grpconv.exe
/home/kh3m/Research/WindowsDrivers/vulnerable_drivers/ftp.exe
/home/kh3m/Research/WindowsDrivers/vulnerable_drivers/DiskSnapshot.exe
/home/kh3m/Research/WindowsDrivers/vulnerable_drivers/DpiScaling.exe
/home/kh3m/Research/WindowsDrivers/vulnerable_drivers/bootcfg.exe
/home/kh3m/Research/WindowsDrivers/vulnerable_drivers/dfrgui.exe
/home/kh3m/Research/WindowsDrivers/vulnerable_drivers/dvdplay.exe
/home/kh3m/Research/WindowsDrivers/vulnerable_drivers/dmcfghost.exe
/home/kh3m/Research/WindowsDrivers/vulnerable_drivers/change.exe
/home/kh3m/Research/WindowsDrivers/vulnerable_drivers/cliconfg.exe
/home/kh3m/Research/WindowsDrivers/vulnerable_drivers/InfDefaultInstall.exe
/home/kh3m/Research/WindowsDrivers/vulnerable_drivers/cmd.exe
/home/kh3m/Research/WindowsDrivers/vulnerable_drivers/convertvhd.exe
/home/kh3m/Research/WindowsDrivers/vulnerable_drivers/dxdiag.exe
/home/kh3m/Research/WindowsDrivers/vulnerable_drivers/cmstp.exe
/home/kh3m/Research/WindowsDrivers/vulnerable_drivers/baaupdate.exe
/home/kh3m/Research/WindowsDrivers/vulnerable_drivers/EDPCleanup.exe
/home/kh3m/Research/WindowsDrivers/vulnerable_drivers/bootsect.exe
/home/kh3m/Research/WindowsDrivers/vulnerable_drivers/credwiz.exe
/home/kh3m/Research/WindowsDrivers/vulnerable_drivers/ComputerDefaults.exe
/home/kh3m/Research/WindowsDrivers/vulnerable_drivers/hvax64.exe
/home/kh3m/Research/WindowsDrivers/vulnerable_drivers/drvcfg.exe
/home/kh3m/Research/WindowsDrivers/vulnerable_drivers/CloudStorageWizard.exe
/home/kh3m/Research/WindowsDrivers/vulnerable_drivers/fhmanagew.exe
/home/kh3m/Research/WindowsDrivers/vulnerable_drivers/autochk.exe
/home/kh3m/Research/WindowsDrivers/vulnerable_drivers/ClipUp.exe
/home/kh3m/Research/WindowsDrivers/vulnerable_drivers/extrac32.exe
/home/kh3m/Research/WindowsDrivers/vulnerable_drivers/FXSSVC.exe
/home/kh3m/Research/WindowsDrivers/vulnerable_drivers/EduPrintProv.exe
/home/kh3m/Research/WindowsDrivers/RTL8187B_5_6.1135.0625.2008_Silent_Install/Setup.exe
/home/kh3m/Research/Windows/samples/pidgin-2.13.0.exe
/home/kh3m/Research/Windows/samples/winamp58_3660_beta_full_en-us.exe
/home/kh3m/Research/Windows/samples/VMware-player-6.0.7-2844087.exe
/home/kh3m/Research/Windows/samples/foobar2000_v1.4.exe
/home/kh3m/Research/Windows/samples/1by1_193.exe
/home/kh3m/Research/Windows/samples/reverse_samples/21292.exe
/home/kh3m/Research/Windows/samples/reverse_samples/15883.exe
/home/kh3m/Research/Windows/samples/reverse_samples/2049.exe
/home/kh3m/Research/Windows/samples/reverse_samples/7483.exe
/home/kh3m/Research/Windows/samples/reverse_samples/16859/16859.exe
/home/kh3m/Research/Windows/samples/reverse_samples/15883/15883.exe
/home/kh3m/Research/Windows/samples/reverse_samples/16668.exe
/home/kh3m/Research/Windows/samples/reverse_samples/16859.exe
/home/kh3m/Research/Windows/samples/reverse_samples/26890.exe
/home/kh3m/Research/Windows/samples/cdbxp_setup_4.5.8.7041.exe
/home/kh3m/Research/Windows/samples/winzip23-downwz.exe
/home/kh3m/Research/Windows/samples/oooplayer2.2.0.exe
/home/kh3m/Research/Windows/samples/drvupdate-amd64.exe
/home/kh3m/Research/Windows/samples/75daa76d9589013fad41e6bd48fb01d9-navicat112_premium_en_x64.exe
/home/kh3m/Research/Windows/samples/ClementineSetup-1.3.1.exe
/home/kh3m/Research/Windows/samples/7371a86afb7446f6db2582ab43e4f974-privatetunnel-win-2.7.exe
/home/kh3m/Research/Windows/samples/peazip-6.6.1.WIN64.exe
/home/kh3m/Research/Windows/samples/2b5000f3fb0a8aea475d43a0ae491ee5-html5videoplayer-setup.exe
/home/kh3m/Research/Windows/samples/7z1805-x64.exe
/home/kh3m/Research/Windows/samples/ddcc3319288a35caa42e561e513d13df-PCProtect_Setup (1).exe
/home/kh3m/Research/Windows/e74a3dcf9bd8a2dd05026532fbf9bb36-IKEView.exe
/home/kh3m/Research/Windows/NetScanner.exe
/home/kh3m/Research/Windows/4a83348f18a18ba34f9747648b550307-ip-tools.exe
/home/kh3m/Research/Windows/9b07b1dac2744a518823834c6da55c1f-audioconverter_wmf_setup.exe
/home/kh3m/Research/Windows/9b07b1dac2744a518823834c6da55c1f-audioconverter_wmf_setup(1).exe
/home/kh3m/Research/Windows/90c8a765a7304e7e119c0b3ee8d3883b-hm1190.exe
/home/kh3m/Research/Windows/d23ff8f9bcf8a69712e2c05825acbd2e-NordVPNSetup.exe
/home/kh3m/Research/Windows/c776b7b8ac976e21e0a237318bcbc0a6-CyberLink_Power2Go_Downloader.exe
/home/kh3m/Research/Windows/270bdd7b0e05dd8644befb08307b336d-3_14_MyVideoConverter_Pro_Setup314.exe
/home/kh3m/Research/Windows/5aa7a77c8320ea38df6bb054d3627bac-passfab-excel-password-recovery.exe
/home/kh3m/Research/Windows/be9bcc5be75cb40dfa38c71115ac555d-camdo_wmf_setup.exe
/home/kh3m/Research/PythonVulns/src/cpython/Lib/distutils/command/wininst-7.1.exe
/home/kh3m/Research/PythonVulns/src/cpython/Lib/distutils/command/wininst-10.0.exe
/home/kh3m/Research/PythonVulns/src/cpython/Lib/distutils/command/wininst-9.0-amd64.exe
/home/kh3m/Research/PythonVulns/src/cpython/Lib/distutils/command/wininst-6.0.exe
/home/kh3m/Research/PythonVulns/src/cpython/Lib/distutils/command/wininst-9.0.exe
/home/kh3m/Research/PythonVulns/src/cpython/Lib/distutils/command/wininst-14.0-amd64.exe
/home/kh3m/Research/PythonVulns/src/cpython/Lib/distutils/command/wininst-10.0-amd64.exe
/home/kh3m/Research/PythonVulns/src/cpython/Lib/distutils/command/wininst-14.0.exe
/home/kh3m/Research/PythonVulns/src/cpython/Lib/distutils/command/wininst-8.0.exe
/home/kh3m/Research/TensorFlow/venv/lib/python3.5/site-packages/pip/_vendor/distlib/t64.exe
/home/kh3m/Research/TensorFlow/venv/lib/python3.5/site-packages/pip/_vendor/distlib/w32.exe
/home/kh3m/Research/TensorFlow/venv/lib/python3.5/site-packages/pip/_vendor/distlib/w64.exe
/home/kh3m/Research/TensorFlow/venv/lib/python3.5/site-packages/pip/_vendor/distlib/t32.exe
/home/kh3m/Research/TensorFlow/venv/lib/python3.5/site-packages/setuptools/gui.exe
/home/kh3m/Research/TensorFlow/venv/lib/python3.5/site-packages/setuptools/gui-64.exe
/home/kh3m/Research/TensorFlow/venv/lib/python3.5/site-packages/setuptools/cli-64.exe
/home/kh3m/Research/TensorFlow/venv/lib/python3.5/site-packages/setuptools/cli.exe
/home/kh3m/Research/TensorFlow/venv/lib/python3.5/site-packages/setuptools/gui-32.exe
/home/kh3m/Research/TensorFlow/venv/lib/python3.5/site-packages/setuptools/cli-32.exe
/home/kh3m/Research/CrackMes/crackmes/l1-very_easy_beginner/windows/SplishSplash.exe
/home/kh3m/Research/CrackMes/crackmes/l1-very_easy_beginner/windows/Splish.exe
/home/kh3m/Research/PE/2012_LoB_Code/Code/tlscallback/tls.exe
/home/kh3m/Research/PE/2012_LoB_Code/__MACOSX/Code/tlscallback/._tls.exe
/home/kh3m/Research/PE/examples/winamp58_3660_beta_full_en-us.exe
/home/kh3m/Research/PE/examples/VMware-player-6.0.7-2844087.exe
/home/kh3m/Research/PE/examples/7z1805-x64.exe
/home/kh3m/Tools/Gephi/gephi-0.9.2/platform/lib/nbexec.exe
/home/kh3m/Tools/Gephi/gephi-0.9.2/platform/lib/nbexec64.exe
/home/kh3m/Tools/Gephi/gephi-0.9.2/bin/gephi.exe
/home/kh3m/Tools/Gephi/gephi-0.9.2/bin/gephi64.exe
/home/kh3m/Tools/quark/qark/test/lib/python3.5/site-packages/pip/_vendor/distlib/t64.exe
/home/kh3m/Tools/quark/qark/test/lib/python3.5/site-packages/pip/_vendor/distlib/w32.exe
/home/kh3m/Tools/quark/qark/test/lib/python3.5/site-packages/pip/_vendor/distlib/w64.exe
/home/kh3m/Tools/quark/qark/test/lib/python3.5/site-packages/pip/_vendor/distlib/t32.exe
/home/kh3m/Tools/quark/qark/test/lib/python3.5/site-packages/setuptools/gui.exe
/home/kh3m/Tools/quark/qark/test/lib/python3.5/site-packages/setuptools/gui-64.exe
/home/kh3m/Tools/quark/qark/test/lib/python3.5/site-packages/setuptools/cli-64.exe
/home/kh3m/Tools/quark/qark/test/lib/python3.5/site-packages/setuptools/cli.exe
/home/kh3m/Tools/quark/qark/test/lib/python3.5/site-packages/setuptools/gui-32.exe
/home/kh3m/Tools/quark/qark/test/lib/python3.5/site-packages/setuptools/cli-32.exe
/home/kh3m/Tools/NDK/android-ndk-r18b/prebuilt/linux-x86_64/lib/python2.7/distutils/command/wininst-7.1.exe
/home/kh3m/Tools/NDK/android-ndk-r18b/prebuilt/linux-x86_64/lib/python2.7/distutils/command/wininst-9.0-amd64.exe
/home/kh3m/Tools/NDK/android-ndk-r18b/prebuilt/linux-x86_64/lib/python2.7/distutils/command/wininst-6.0.exe
/home/kh3m/Tools/NDK/android-ndk-r18b/prebuilt/linux-x86_64/lib/python2.7/distutils/command/wininst-9.0.exe
/home/kh3m/Tools/NDK/android-ndk-r18b/prebuilt/linux-x86_64/lib/python2.7/distutils/command/wininst-8.0.exe
/home/kh3m/Tools/k3170makan/PyPE/sample_1.exe
/home/kh3m/Tools/k3170makan/PyPE/wmplayer.exe
/home/kh3m/Tools/drozer/drozer/build/lib.linux-x86_64-2.7/drozer/lib/find_java.exe
/home/kh3m/Tools/drozer/drozer/build/lib.linux-x86_64-2.7/drozer/lib/aapt.exe
/home/kh3m/Tools/drozer/drozer/src/drozer/lib/find_java.exe
/home/kh3m/Tools/drozer/drozer/src/drozer/lib/aapt.exe
/home/kh3m/Tools/android-ndk/android-ndk-r18b/prebuilt/linux-x86_64/lib/python2.7/distutils/command/wininst-7.1.exe
/home/kh3m/Tools/android-ndk/android-ndk-r18b/prebuilt/linux-x86_64/lib/python2.7/distutils/command/wininst-9.0-amd64.exe
/home/kh3m/Tools/android-ndk/android-ndk-r18b/prebuilt/linux-x86_64/lib/python2.7/distutils/command/wininst-6.0.exe
/home/kh3m/Tools/android-ndk/android-ndk-r18b/prebuilt/linux-x86_64/lib/python2.7/distutils/command/wininst-9.0.exe
/home/kh3m/Tools/android-ndk/android-ndk-r18b/prebuilt/linux-x86_64/lib/python2.7/distutils/command/wininst-8.0.exe
/home/kh3m/Downloads/pidgin-2.13.0.exe
/home/kh3m/Downloads/iverilog-10.0-x86_setup.exe
/home/kh3m/Downloads/0009-64bit_Win7_Win8_Win81_Win10_R282.exe
/home/kh3m/Downloads/foobar2000_v1.4.exe
/home/kh3m/Downloads/1by1_193.exe
/home/kh3m/Downloads/ReachSetup-eoe-2.0.21060.700.exe
/home/kh3m/Downloads/9075fa1391b2f63a4cf40172e84a0b20-publish3.exe
/home/kh3m/Downloads/32bit_Win7_Win8_Win81_Win10_R279.exe
/home/kh3m/Downloads/vs_community__646726725.1531855036.exe
/home/kh3m/Downloads/cdbxp_setup_4.5.8.7041.exe
/home/kh3m/Downloads/winzip23-downwz.exe
/home/kh3m/Downloads/chrome32_54.0.2840.71.exe
/home/kh3m/Downloads/npp.7.6.1.Installer.exe
/home/kh3m/Downloads/418.81-desktop-win8-win7-64bit-international-whql.exe
/home/kh3m/Downloads/ClementineSetup-1.3.1.exe
/home/kh3m/Downloads/password1.exe
/home/kh3m/Downloads/oooplayer(2.2.0)_portable_64.exe
/home/kh3m/Downloads/encode.exe
/home/kh3m/Downloads/WDM_A406.exe
/home/kh3m/Downloads/7z1805-x64.exe
/home/kh3m/Downloads/peazip-6.6.1.WIN64 (1).exe
/home/kh3m/Downloads/iverilog-10.1.1-x64_setup.exe
/home/kh3m/Downloads/hp_LJP1100_P1560_P1600_Full_Solution-v20120831-50157036_SMO.exe
/home/kh3m/qarktest/test/lib/python3.5/site-packages/pip/_vendor/distlib/t64.exe
/home/kh3m/qarktest/test/lib/python3.5/site-packages/pip/_vendor/distlib/w32.exe
/home/kh3m/qarktest/test/lib/python3.5/site-packages/pip/_vendor/distlib/w64.exe
/home/kh3m/qarktest/test/lib/python3.5/site-packages/pip/_vendor/distlib/t32.exe
/home/kh3m/qarktest/test/lib/python3.5/site-packages/setuptools/gui.exe
/home/kh3m/qarktest/test/lib/python3.5/site-packages/setuptools/gui-64.exe
/home/kh3m/qarktest/test/lib/python3.5/site-packages/setuptools/cli-64.exe
/home/kh3m/qarktest/test/lib/python3.5/site-packages/setuptools/cli.exe
/home/kh3m/qarktest/test/lib/python3.5/site-packages/setuptools/gui-32.exe
/home/kh3m/qarktest/test/lib/python3.5/site-packages/setuptools/cli-32.exe
/home/kh3m/.local/lib/python2.7/site-packages/pip/_vendor/distlib/t64.exe
/home/kh3m/.local/lib/python2.7/site-packages/pip/_vendor/distlib/w32.exe
/home/kh3m/.local/lib/python2.7/site-packages/pip/_vendor/distlib/w64.exe
/home/kh3m/.local/lib/python2.7/site-packages/pip/_vendor/distlib/t32.exe
/home/kh3m/.local/share/Trash/files/80211n (2)/setup.exe
/home/kh3m/.local/share/Steam/legacycompat/iscriptevaluator.exe
/home/kh3m/.local/share/Steam/legacycompat/SteamService.exe
/home/kh3m/Documents/Projects/SONIM_XP5S_Drivers.exe
/home/kh3m/Tuter/python/cpython/Lib/distutils/command/wininst-7.1.exe
/home/kh3m/Tuter/python/cpython/Lib/distutils/command/wininst-10.0.exe
/home/kh3m/Tuter/python/cpython/Lib/distutils/command/wininst-9.0-amd64.exe
/home/kh3m/Tuter/python/cpython/Lib/distutils/command/wininst-6.0.exe
/home/kh3m/Tuter/python/cpython/Lib/distutils/command/wininst-9.0.exe
/home/kh3m/Tuter/python/cpython/Lib/distutils/command/wininst-14.0-amd64.exe
/home/kh3m/Tuter/python/cpython/Lib/distutils/command/wininst-10.0-amd64.exe
/home/kh3m/Tuter/python/cpython/Lib/distutils/command/wininst-14.0.exe
/home/kh3m/Tuter/python/cpython/Lib/distutils/command/wininst-8.0.exe
